// Jest Snapshot v1, https://goo.gl/fbAQLP

exports[`getScopes works 1`] = `
Array [
  "package",
  "release",
]
`;
